# sharpee golden v1
transcript: wt-06-egyptian-room.transcript
story: dungeo
seed: 42
derivation: 1
save-format: 3.0.0
channels: (none)
events: false
locale: en-US
forces: (none)
---
> down
Cellar
This is a dark and damp cellar with a narrow passageway leading east, and a crawlway to the south. To the west is the bottom of a steep metal ramp which is unclimbable.

> east
Troll Room
This is a small room with passages off in all directions. Bloodstains and deep scratches (perhaps made by an axe) mar the walls.

You can see an elvish sword here.

> north
East-West Passage
This is a narrow east-west passageway. There is a narrow stairway leading down at the north end of the room.

> north
Deep Ravine
You are in a deep ravine at a point where a crack opens to the east. A passage leads south, and a steep trail leads down.

> west
Rocky Crawl
This is a crawlway with a low ceiling. A passage goes to the east, and a narrow opening leads west.

> northwest
Egyptian Room
This is a room which looks like an Egyptian tomb. There is an ascending staircase in the room as well as doors, east and south.

You can see a gold coffin here.

> take coffin
Taken.

> east
Rocky Crawl
This is a crawlway with a low ceiling. A passage goes to the east, and a narrow opening leads west.

> west
Deep Ravine
You are in a deep ravine at a point where a crack opens to the east. A passage leads south, and a steep trail leads down.

> south
East-West Passage
This is a narrow east-west passageway. There is a narrow stairway leading down at the north end of the room.

> west
Troll Room
This is a small room with passages off in all directions. Bloodstains and deep scratches (perhaps made by an axe) mar the walls.

You can see an elvish sword here.

> west
Cellar
This is a dark and damp cellar with a narrow passageway leading east, and a crawlway to the south. To the west is the bottom of a steep metal ramp which is unclimbable.

> up
Living Room
This is the living room. There is a door to the east. To the west is a wooden door with strange gothic lettering, which appears to be nailed shut. A trophy case takes up one corner of the room. A large oriental rug lies to one side of the room, moved away from the trap door it once covered.

You can see an incense, a skeleton key, a guidebook, a matchbook, a large brochure, a wrench, a screwdriver, a trunk, and a hand pump here.

> open trophy case
The trophy case is already open.

> put coffin in trophy case
You put the gold coffin in the trophy case.

> inventory
You are carrying:

an ivory torch, brass lantern

> look
Living Room
This is the living room. There is a door to the east. To the west is a wooden door with strange gothic lettering, which appears to be nailed shut. A trophy case takes up one corner of the room. A large oriental rug lies to one side of the room, moved away from the trap door it once covered.

You can see a guidebook, a matchbook, a wrench, a screwdriver, a trunk, a hand pump, a skeleton key, an incense, and a large brochure here.

In the trophy case you see a portrait, a painting, a stack of zorkmid bills, a platinum bar, a Don Woods stamp, and a gold coffin.
