# sharpee golden v1
transcript: wt-16-canvas-puzzle.transcript
story: dungeo
seed: 42
derivation: 1
save-format: 3.0.0
channels: (none)
events: false
locale: en-US
forces: (none)
---
> take incense
Taken.

> take frame piece
Taken.

> inventory
You are carrying:

a glass bottle, brass lantern, matchbook, shiny wire, purple book, incense, frame piece

> open trap door
The trap trap door is already open.

> turn on lantern
The brass lantern switches on, banishing the darkness.

> down
Cellar
This is a dark and damp cellar with a narrow passageway leading east, and a crawlway to the south. To the west is the bottom of a steep metal ramp which is unclimbable.

> east
Troll Room
This is a small room with passages off in all directions. Bloodstains and deep scratches (perhaps made by an axe) mar the walls.

You can see an elvish sword here.

> north
East-West Passage
This is a narrow east-west passageway. There is a narrow stairway leading down at the north end of the room.

> north
Deep Ravine
You are in a deep ravine at a point where a crack opens to the east. A passage leads south, and a steep trail leads down.

> east
Chasm
A chasm runs southwest to northeast. You are on the east edge.

> east
North/South Passage
This is a wide passage running north and south. The walls are damp and cold.

> northeast
Loud Room
This is a large room with a ceiling which cannot be detected from the ground. A narrow passage leads east; a stairway leads up. The room is extremely noisy.

> east
Ancient Chasm
You are at the edge of an ancient chasm. Passages lead in several directions.

> south
Basin Room
You are in a small room with a stone basin in the center.

> burn incense
The incense begins to smolder, releasing fragrant smoke that fills the room.

> pray
The room fills with a warm, golden light. The fog in the basin clears, revealing holy water.

> drop frame piece
Dropped.

The fragrant smoke swirls around the basin. A spectral figure rises - the ghost of the thief! Dressed in adventurer's robes, he gestures toward the Gallery and speaks: "Well done, my friend. You are nearing the end game. Look to the Gallery for your reward." Then he fades away...

A magnificent rolled up canvas has appeared in the Gallery!

The incense sputters and burns out completely, leaving only ash.

> north
Ancient Chasm
You are at the edge of an ancient chasm. Passages lead in several directions.

> west
Loud Room
This is a large room with a ceiling which cannot be detected from the ground. A narrow passage leads east; a stairway leads up. The room is extremely noisy.

> west
North/South Passage
This is a wide passage running north and south. The walls are damp and cold.

> north
Chasm
A chasm runs southwest to northeast. You are on the east edge.

> south
Deep Ravine
You are in a deep ravine at a point where a crack opens to the east. A passage leads south, and a steep trail leads down.

> south
East-West Passage
This is a narrow east-west passageway. There is a narrow stairway leading down at the north end of the room.

> west
Troll Room
This is a small room with passages off in all directions. Bloodstains and deep scratches (perhaps made by an axe) mar the walls.

You can see an elvish sword here.

> east
North/South Crawlway
This is a north-south crawlway; a passage also goes to the east. There is a hole above, but it provides no opportunities for climbing.

> south
Studio
This is what appears to have been an artist's studio. The walls and floors are splattered with paints of 69 different colors. Strangely enough, nothing of value is hanging here. At the north and northwest of the room are open doors (also covered with paint). An extremely dark and narrow chimney leads up from a fireplace; although you might be able to get up it, it seems unlikely you could get back down.

> northwest
Gallery
This is an art gallery. Most of the paintings have been stolen by vandals with exceptional taste. The vandals left through either the north or west exits.

You can see a rolled up canvas here.

> look
Gallery
This is an art gallery. Most of the paintings have been stolen by vandals with exceptional taste. The vandals left through either the north or west exits.

You can see a rolled up canvas here.

> take canvas
Taken.

> south
Studio
This is what appears to have been an artist's studio. The walls and floors are splattered with paints of 69 different colors. Strangely enough, nothing of value is hanging here. At the north and northwest of the room are open doors (also covered with paint). An extremely dark and narrow chimney leads up from a fireplace; although you might be able to get up it, it seems unlikely you could get back down.

> north
North/South Crawlway
This is a north-south crawlway; a passage also goes to the east. There is a hole above, but it provides no opportunities for climbing.

> east
Troll Room
This is a small room with passages off in all directions. Bloodstains and deep scratches (perhaps made by an axe) mar the walls.

You can see an elvish sword here.

> west
Cellar
This is a dark and damp cellar with a narrow passageway leading east, and a crawlway to the south. To the west is the bottom of a steep metal ramp which is unclimbable.

> up
Living Room
This is the living room. There is a door to the east. To the west is a wooden door with strange gothic lettering, which appears to be nailed shut. A trophy case takes up one corner of the room. A large oriental rug lies to one side of the room, moved away from the trap door it once covered.

You can see a skeleton key, a large brochure, a wrench, a brass bell, a black book, a burned-out candles, a sharp stick, a blue blue cake, an eat-me eat-me cake, and an elongated brown sack here.

> open trophy case
The trophy case is already open.

> put canvas in trophy case
You put the rolled up canvas in the trophy case.

> score
You have achieved a perfect score of 650 points!

> gdt
A BOOMING VOICE CALLS OUT, "WHO SUMMONS THE GAME DEBUGGING TOOL?"

GDT ready. Type HE for help, EX to exit.

> ds ledger
=== SCORE LEDGER ===

TROPHY (245 pts):
  trophy:i1j = +15 - Placed the stack of zorkmid bills in the trophy case
  trophy:i2s = +14 - Placed the rolled up canvas in the trophy case
  trophy:i29 = +13 - Placed the beautiful statue in the trophy case
  trophy:i1h = +12 - Placed the zorkmid coin in the trophy case
  trophy:i0v = +11 - Placed the crystal trident in the trophy case
  trophy:i01 = +10 - Placed the gold card in the trophy case
  trophy:i17 = +10 - Placed the platinum bar in the trophy case
  trophy:i1a = +10 - Placed the crown in the trophy case
  trophy:i1e = +10 - Placed the stamp in the trophy case
  trophy:i26 = +10 - Placed the pot of gold in the trophy case
  trophy:i28 = +10 - Placed the large emerald in the trophy case
  trophy:i2k = +10 - Placed the silver chalice in the trophy case
  trophy:i2m = +10 - Placed the violin in the trophy case
  trophy:i0p = +8 - Placed the trunk in the trophy case
  trophy:i1c = +8 - Placed the ruby in the trophy case
  trophy:i0g = +7 - Placed the painting in the trophy case
  trophy:i18 = +7 - Placed the gold coffin in the trophy case
  trophy:i0h = +6 - Placed the dead torch in the trophy case
  trophy:i25 = +6 - Placed the white crystal sphere in the trophy case
  trophy:i2p = +6 - Placed the huge diamond in the trophy case
  trophy:c06 = +5 - Placed the jewel-encrusted egg in the trophy case
  trophy:c09 = +5 - Placed the leather bag of coins in the trophy case
  trophy:i0j = +5 - Placed the blue crystal sphere in the trophy case
  trophy:i0x = +5 - Placed the jade figurine in the trophy case
  trophy:i0z = +5 - Placed the red crystal sphere in the trophy case
  trophy:i14 = +5 - Placed the grail in the trophy case
  trophy:i1i = +5 - Placed the portrait in the trophy case
  trophy:i1t = +5 - Placed the pearl necklace in the trophy case
  trophy:i22 = +5 - Placed the tin of spices in the trophy case
  trophy:i0y = +3 - Placed the sapphire bracelet in the trophy case
  trophy:i0e = +2 - Placed the golden clockwork canary in the trophy case
  trophy:i2o = +1 - Placed the Don Woods stamp in the trophy case
  trophy:i2r = +1 - Placed the brass bauble in the trophy case

ROOM (115 pts):
  room:r4t = +30 - Visited room
  room:r0h = +25 - Visited room
  room:r4d = +25 - Visited room
  room:r05 = +10 - Visited room
  room:r35 = +10 - Visited room
  room:r4c = +10 - Visited room
  room:r0m = +5 - Visited room

BONUS (290 pts):
  i01 = +15 - gold card
  i0p = +15 - trunk
  i1a = +15 - crown
  i1c = +15 - ruby
  i0h = +14 - ivory torch
  i17 = +12 - platinum bar
  c09 = +10 - leather bag of coins
  ghost-ritual-canvas = +10 - Revealed the thief's hidden canvas
  i0j = +10 - blue crystal sphere
  i0z = +10 - red crystal sphere
  i1h = +10 - zorkmid coin
  i1i = +10 - portrait
  i1j = +10 - stack of zorkmid bills
  i26 = +10 - pot of gold
  i29 = +10 - beautiful statue
  i2k = +10 - silver chalice
  i2m = +10 - violin
  i2p = +10 - huge diamond
  i2s = +10 - rolled up canvas
  light-shaft = +10 - LIGHT-SHAFT achievement
  i1t = +9 - pearl necklace
  i0e = +6 - golden clockwork canary
  i25 = +6 - white crystal sphere
  c06 = +5 - jewel-encrusted egg
  i0x = +5 - jade figurine
  i0y = +5 - sapphire bracelet
  i22 = +5 - tin of spices
  i28 = +5 - large emerald
  i0g = +4 - painting
  i0v = +4 - crystal trident
  i1e = +4 - stamp
  i18 = +3 - gold coffin
  i14 = +2 - grail
  i2r = +1 - brass bauble

Total: 650/650 (74 entries)

> ex
Returning to game.

> turn off lantern
You switch off the brass lantern, plunging the area into darkness.
